

================================================================
== Vivado HLS Report for 'Galois_LFSR_32_33_hw'
================================================================
* Date:           Thu Jan 28 12:28:41 2021

* Version:        2020.1 (Build 2897737 on Wed May 27 20:21:37 MDT 2020)
* Project:        QIO
* Solution:       solution1
* Product family: zynq
* Target device:  xc7z020-clg400-1


================================================================
== Performance Estimates
================================================================
+ Timing: 
    * Summary: 
    +--------+----------+----------+------------+
    |  Clock |  Target  | Estimated| Uncertainty|
    +--------+----------+----------+------------+
    |ap_clk  | 10.00 ns | 2.792 ns |   1.25 ns  |
    +--------+----------+----------+------------+

+ Latency: 
    * Summary: 
    +---------+---------+----------+----------+-----+-----+---------+
    |  Latency (cycles) |  Latency (absolute) |  Interval | Pipeline|
    |   min   |   max   |    min   |    max   | min | max |   Type  |
    +---------+---------+----------+----------+-----+-----+---------+
    |        0|        0|   0 ns   |   0 ns   |    0|    0|   none  |
    +---------+---------+----------+----------+-----+-----+---------+

    + Detail: 
        * Instance: 
        N/A

        * Loop: 
        N/A



================================================================
== Utilization Estimates
================================================================
* Summary: 
+-----------------+---------+-------+--------+-------+-----+
|       Name      | BRAM_18K| DSP48E|   FF   |  LUT  | URAM|
+-----------------+---------+-------+--------+-------+-----+
|DSP              |        -|      -|       -|      -|    -|
|Expression       |        -|      -|       0|    195|    -|
|FIFO             |        -|      -|       -|      -|    -|
|Instance         |        -|      -|       -|      -|    -|
|Memory           |        -|      -|       -|      -|    -|
|Multiplexer      |        -|      -|       -|      9|    -|
|Register         |        -|      -|      66|      -|    -|
+-----------------+---------+-------+--------+-------+-----+
|Total            |        0|      0|      66|    204|    0|
+-----------------+---------+-------+--------+-------+-----+
|Available        |      280|    220|  106400|  53200|    0|
+-----------------+---------+-------+--------+-------+-----+
|Utilization (%)  |        0|      0|   ~0   |   ~0  |    0|
+-----------------+---------+-------+--------+-------+-----+

+ Detail: 
    * Instance: 
    N/A

    * DSP48E: 
    N/A

    * Memory: 
    N/A

    * FIFO: 
    N/A

    * Expression: 
    +----------------------+----------+-------+---+----+------------+------------+
    |     Variable Name    | Operation| DSP48E| FF| LUT| Bitwidth P0| Bitwidth P1|
    +----------------------+----------+-------+---+----+------------+------------+
    |lfsr32_V_3_fu_84_p3   |  select  |      0|  0|  32|           1|          32|
    |rhs_V_fu_112_p3       |  select  |      0|  0|  33|           1|          33|
    |select_ln12_fu_48_p3  |  select  |      0|  0|  33|           1|          33|
    |lfsr32_V_2_fu_78_p2   |    xor   |      0|  0|  32|          32|          32|
    |xor_ln23_fu_124_p2    |    xor   |      0|  0|  32|          32|          32|
    |xor_ln719_fu_106_p2   |    xor   |      0|  0|  33|          33|          32|
    +----------------------+----------+-------+---+----+------------+------------+
    |Total                 |          |      0|  0| 195|         100|         194|
    +----------------------+----------+-------+---+----+------------+------------+

    * Multiplexer: 
    +-----------+----+-----------+-----+-----------+
    |    Name   | LUT| Input Size| Bits| Total Bits|
    +-----------+----+-----------+-----+-----------+
    |ap_return  |   9|          2|   32|         64|
    +-----------+----+-----------+-----+-----------+
    |Total      |   9|          2|   32|         64|
    +-----------+----+-----------+-----+-----------+

    * Register: 
    +----------------------+----+----+-----+-----------+
    |         Name         | FF | LUT| Bits| Const Bits|
    +----------------------+----+----+-----+-----------+
    |ap_CS_fsm             |   1|   0|    1|          0|
    |ap_return_preg        |  32|   0|   32|          0|
    |guard_variable_for_v  |   0|   0|    1|          1|
    |lfsr33_V              |  33|   0|   33|          0|
    +----------------------+----+----+-----+-----------+
    |Total                 |  66|   0|   67|          1|
    +----------------------+----+----+-----+-----------+



================================================================
== Interface
================================================================
* Summary: 
+-----------+-----+-----+------------+----------------------+--------------+
| RTL Ports | Dir | Bits|  Protocol  |     Source Object    |    C Type    |
+-----------+-----+-----+------------+----------------------+--------------+
|ap_clk     |  in |    1| ap_ctrl_hs | Galois_LFSR_32_33_hw | return value |
|ap_rst     |  in |    1| ap_ctrl_hs | Galois_LFSR_32_33_hw | return value |
|ap_start   |  in |    1| ap_ctrl_hs | Galois_LFSR_32_33_hw | return value |
|ap_done    | out |    1| ap_ctrl_hs | Galois_LFSR_32_33_hw | return value |
|ap_idle    | out |    1| ap_ctrl_hs | Galois_LFSR_32_33_hw | return value |
|ap_ready   | out |    1| ap_ctrl_hs | Galois_LFSR_32_33_hw | return value |
|ap_return  | out |   32| ap_ctrl_hs | Galois_LFSR_32_33_hw | return value |
|input_r    |  in |   32|   ap_none  |        input_r       |    scalar    |
|seed_V     |  in |   32|   ap_none  |        seed_V        |    scalar    |
+-----------+-----+-----+------------+----------------------+--------------+

