

================================================================
== Vivado HLS Report for 'Galois_LFSR_32_33_hw'
================================================================
* Date:           Wed Jan 27 11:20:27 2021

* Version:        2020.1 (Build 2897737 on Wed May 27 20:21:37 MDT 2020)
* Project:        QIO
* Solution:       solution1
* Product family: zynq
* Target device:  xc7z020-clg400-1


================================================================
== Performance Estimates
================================================================
+ Timing: 
    * Summary: 
    +--------+----------+----------+------------+
    |  Clock |  Target  | Estimated| Uncertainty|
    +--------+----------+----------+------------+
    |ap_clk  | 10.00 ns | 1.799 ns |   1.25 ns  |
    +--------+----------+----------+------------+

+ Latency: 
    * Summary: 
    +---------+---------+----------+----------+-----+-----+---------+
    |  Latency (cycles) |  Latency (absolute) |  Interval | Pipeline|
    |   min   |   max   |    min   |    max   | min | max |   Type  |
    +---------+---------+----------+----------+-----+-----+---------+
    |        0|        0|   0 ns   |   0 ns   |    0|    0|   none  |
    +---------+---------+----------+----------+-----+-----+---------+

    + Detail: 
        * Instance: 
        N/A

        * Loop: 
        N/A



================================================================
== Utilization Estimates
================================================================
* Summary: 
+-----------------+---------+-------+--------+-------+-----+
|       Name      | BRAM_18K| DSP48E|   FF   |  LUT  | URAM|
+-----------------+---------+-------+--------+-------+-----+
|DSP              |        -|      -|       -|      -|    -|
|Expression       |        -|      -|       0|     99|    -|
|FIFO             |        -|      -|       -|      -|    -|
|Instance         |        -|      -|       -|      -|    -|
|Memory           |        -|      -|       -|      -|    -|
|Multiplexer      |        -|      -|       -|      -|    -|
|Register         |        -|      -|      34|      -|    -|
+-----------------+---------+-------+--------+-------+-----+
|Total            |        0|      0|      34|     99|    0|
+-----------------+---------+-------+--------+-------+-----+
|Available        |      280|    220|  106400|  53200|    0|
+-----------------+---------+-------+--------+-------+-----+
|Utilization (%)  |        0|      0|   ~0   |   ~0  |    0|
+-----------------+---------+-------+--------+-------+-----+

+ Detail: 
    * Instance: 
    N/A

    * DSP48E: 
    N/A

    * Memory: 
    N/A

    * FIFO: 
    N/A

    * Expression: 
    +----------------------+----------+-------+---+----+------------+------------+
    |     Variable Name    | Operation| DSP48E| FF| LUT| Bitwidth P0| Bitwidth P1|
    +----------------------+----------+-------+---+----+------------+------------+
    |select_ln12_fu_22_p3  |  select  |      0|  0|  33|           1|          33|
    |select_ln21_fu_54_p3  |  select  |      0|  0|  33|           1|          33|
    |xor_ln719_fu_48_p2    |    xor   |      0|  0|  33|          33|          32|
    +----------------------+----------+-------+---+----+------------+------------+
    |Total                 |          |      0|  0|  99|          35|          98|
    +----------------------+----------+-------+---+----+------------+------------+

    * Multiplexer: 
    N/A

    * Register: 
    +----------------------+----+----+-----+-----------+
    |         Name         | FF | LUT| Bits| Const Bits|
    +----------------------+----+----+-----+-----------+
    |ap_CS_fsm             |   1|   0|    1|          0|
    |guard_variable_for_G  |   0|   0|    1|          1|
    |lfsr33_V              |  33|   0|   33|          0|
    +----------------------+----+----+-----+-----------+
    |Total                 |  34|   0|   35|          1|
    +----------------------+----+----+-----+-----------+



================================================================
== Interface
================================================================
* Summary: 
+----------+-----+-----+------------+----------------------+--------------+
| RTL Ports| Dir | Bits|  Protocol  |     Source Object    |    C Type    |
+----------+-----+-----+------------+----------------------+--------------+
|ap_clk    |  in |    1| ap_ctrl_hs | Galois_LFSR_32_33_hw | return value |
|ap_rst    |  in |    1| ap_ctrl_hs | Galois_LFSR_32_33_hw | return value |
|ap_start  |  in |    1| ap_ctrl_hs | Galois_LFSR_32_33_hw | return value |
|ap_done   | out |    1| ap_ctrl_hs | Galois_LFSR_32_33_hw | return value |
|ap_idle   | out |    1| ap_ctrl_hs | Galois_LFSR_32_33_hw | return value |
|ap_ready  | out |    1| ap_ctrl_hs | Galois_LFSR_32_33_hw | return value |
+----------+-----+-----+------------+----------------------+--------------+

