

================================================================
== Vivado HLS Report for 'QIO_accel_hw_int_s'
================================================================
* Date:           Thu Jan 28 09:59:29 2021

* Version:        2020.1 (Build 2897737 on Wed May 27 20:21:37 MDT 2020)
* Project:        QIO
* Solution:       solution1
* Product family: zynq
* Target device:  xc7z020-clg400-1


================================================================
== Performance Estimates
================================================================
+ Timing: 
    * Summary: 
    +--------+----------+----------+------------+
    |  Clock |  Target  | Estimated| Uncertainty|
    +--------+----------+----------+------------+
    |ap_clk  | 10.00 ns | 8.621 ns |   1.25 ns  |
    +--------+----------+----------+------------+

+ Latency: 
    * Summary: 
    +---------+---------+----------+----------+-------+--------+---------+
    |  Latency (cycles) |  Latency (absolute) |    Interval    | Pipeline|
    |   min   |   max   |    min   |    max   |  min  |   max  |   Type  |
    +---------+---------+----------+----------+-------+--------+---------+
    |    14639|   226479| 0.146 ms | 2.265 ms |  14639|  226479|   none  |
    +---------+---------+----------+----------+-------+--------+---------+

    + Detail: 
        * Instance: 
        +---------------------------------+----------------------+---------+---------+-----------+----------+------+-------+---------+
        |                                 |                      |  Latency (cycles) |  Latency (absolute)  |   Interval   | Pipeline|
        |             Instance            |        Module        |   min   |   max   |    min    |    max   |  min |  max  |   Type  |
        +---------------------------------+----------------------+---------+---------+-----------+----------+------+-------+---------+
        |grp_QIO_int_s_fu_244             |QIO_int_s             |     1347|    22531| 13.470 us | 0.225 ms |  1347|  22531|   none  |
        |grp_Galois_LFSR_32_33_hw_fu_251  |Galois_LFSR_32_33_hw  |        0|        0|    0 ns   |   0 ns   |     0|      0|   none  |
        +---------------------------------+----------------------+---------+---------+-----------+----------+------+-------+---------+

        * Loop: 
        +----------------+---------+---------+--------------+-----------+-----------+------+----------+
        |                |  Latency (cycles) |   Iteration  |  Initiation Interval  | Trip |          |
        |    Loop Name   |   min   |   max   |    Latency   |  achieved |   target  | Count| Pipelined|
        +----------------+---------+---------+--------------+-----------+-----------+------+----------+
        |- QIO_hw_loop1  |      128|      128|             2|          -|          -|    64|    no    |
        |- QIO_hw_loop2  |    14380|   226220| 1438 ~ 22622 |          -|          -|    10|    no    |
        |- QIO_hw_loop3  |      128|      128|             2|          -|          -|    64|    no    |
        +----------------+---------+---------+--------------+-----------+-----------+------+----------+



================================================================
== Utilization Estimates
================================================================
* Summary: 
+-----------------+---------+-------+--------+-------+-----+
|       Name      | BRAM_18K| DSP48E|   FF   |  LUT  | URAM|
+-----------------+---------+-------+--------+-------+-----+
|DSP              |        -|      -|       -|      -|    -|
|Expression       |        -|      -|       0|   2351|    -|
|FIFO             |        -|      -|       -|      -|    -|
|Instance         |        1|     27|   10104|  13253|    0|
|Memory           |        2|      -|       0|      0|    0|
|Multiplexer      |        -|      -|       -|    678|    -|
|Register         |        -|      -|    1180|      -|    -|
+-----------------+---------+-------+--------+-------+-----+
|Total            |        3|     27|   11284|  16282|    0|
+-----------------+---------+-------+--------+-------+-----+
|Available        |      280|    220|  106400|  53200|    0|
+-----------------+---------+-------+--------+-------+-----+
|Utilization (%)  |        1|     12|      10|     30|    0|
+-----------------+---------+-------+--------+-------+-----+

+ Detail: 
    * Instance: 
    +---------------------------------+----------------------+---------+-------+------+------+-----+
    |             Instance            |        Module        | BRAM_18K| DSP48E|  FF  |  LUT | URAM|
    +---------------------------------+----------------------+---------+-------+------+------+-----+
    |grp_Galois_LFSR_32_33_hw_fu_251  |Galois_LFSR_32_33_hw  |        0|      0|    66|   204|    0|
    |QIO_accel_ddiv_64lbW_U16         |QIO_accel_ddiv_64lbW  |        0|      0|  3211|  3658|    0|
    |QIO_accel_ddiv_64lbW_U17         |QIO_accel_ddiv_64lbW  |        0|      0|  3211|  3658|    0|
    |QIO_accel_dmul_64kbM_U14         |QIO_accel_dmul_64kbM  |        0|     11|   317|   578|    0|
    |QIO_accel_dmul_64kbM_U15         |QIO_accel_dmul_64kbM  |        0|     11|   317|   578|    0|
    |QIO_accel_fcmp_32jbC_U13         |QIO_accel_fcmp_32jbC  |        0|      0|    66|   239|    0|
    |QIO_accel_fdiv_32hbi_U11         |QIO_accel_fdiv_32hbi  |        0|      0|   761|   994|    0|
    |QIO_accel_fptruncibs_U12         |QIO_accel_fptruncibs  |        0|      0|   128|   277|    0|
    |QIO_accel_uitodp_mb6_U18         |QIO_accel_uitodp_mb6  |        0|      0|   412|   645|    0|
    |QIO_accel_uitodp_mb6_U19         |QIO_accel_uitodp_mb6  |        0|      0|   412|   645|    0|
    |grp_QIO_int_s_fu_244             |QIO_int_s             |        1|      5|  1203|  1777|    0|
    +---------------------------------+----------------------+---------+-------+------+------+-----+
    |Total                            |                      |        1|     27| 10104| 13253|    0|
    +---------------------------------+----------------------+---------+-------+------+------+-----+

    * DSP48E: 
    N/A

    * Memory: 
    +---------------+----------------------+---------+---+----+-----+------+-----+------+-------------+
    |     Memory    |        Module        | BRAM_18K| FF| LUT| URAM| Words| Bits| Banks| W*Bits*Banks|
    +---------------+----------------------+---------+---+----+-----+------+-----+------+-------------+
    |current_val_U  |QIO_int_s_currentbkb  |        1|  0|   0|    0|    64|   32|     1|         2048|
    |new_val_U      |QIO_int_s_currentbkb  |        1|  0|   0|    0|    64|   32|     1|         2048|
    +---------------+----------------------+---------+---+----+-----+------+-----+------+-------------+
    |Total          |                      |        2|  0|   0|    0|   128|   64|     2|         4096|
    +---------------+----------------------+---------+---+----+-----+------+-----+------+-------------+

    * FIFO: 
    N/A

    * Expression: 
    +------------------------+----------+-------+---+-----+------------+------------+
    |      Variable Name     | Operation| DSP48E| FF| LUT | Bitwidth P0| Bitwidth P1|
    +------------------------+----------+-------+---+-----+------------+------------+
    |add_ln35_fu_719_p2      |     +    |      0|  0|   39|          32|          32|
    |add_ln502_1_fu_522_p2   |     +    |      0|  0|   12|          11|          12|
    |add_ln502_2_fu_623_p2   |     +    |      0|  0|   12|          11|          12|
    |add_ln502_fu_381_p2     |     +    |      0|  0|   12|          11|          12|
    |i_2_fu_341_p2           |     +    |      0|  0|   13|           4|           1|
    |i_3_fu_816_p2           |     +    |      0|  0|   15|           7|           1|
    |i_fu_319_p2             |     +    |      0|  0|   15|           7|           1|
    |sub_ln1311_1_fu_536_p2  |     -    |      0|  0|   13|          10|          11|
    |sub_ln1311_2_fu_637_p2  |     -    |      0|  0|   13|          10|          11|
    |sub_ln1311_fu_395_p2    |     -    |      0|  0|   13|          10|          11|
    |sub_ln38_fu_714_p2      |     -    |      0|  0|   39|          32|          32|
    |and_ln45_1_fu_800_p2    |    and   |      0|  0|    2|           1|           1|
    |and_ln45_fu_794_p2      |    and   |      0|  0|    2|           1|           1|
    |icmp_ln17_fu_313_p2     |   icmp   |      0|  0|   11|           7|           8|
    |icmp_ln22_fu_335_p2     |   icmp   |      0|  0|    9|           4|           4|
    |icmp_ln34_fu_708_p2     |   icmp   |      0|  0|   18|          32|           1|
    |icmp_ln45_1_fu_768_p2   |   icmp   |      0|  0|   18|          23|           1|
    |icmp_ln45_2_fu_774_p2   |   icmp   |      0|  0|   11|           8|           2|
    |icmp_ln45_3_fu_780_p2   |   icmp   |      0|  0|   18|          23|           1|
    |icmp_ln45_fu_762_p2     |   icmp   |      0|  0|   11|           8|           2|
    |icmp_ln51_fu_810_p2     |   icmp   |      0|  0|   11|           7|           8|
    |r_V_2_fu_565_p2         |   lshr   |      0|  0|  162|          54|          54|
    |r_V_4_fu_666_p2         |   lshr   |      0|  0|  162|          54|          54|
    |r_V_fu_424_p2           |   lshr   |      0|  0|  162|          54|          54|
    |or_ln45_1_fu_790_p2     |    or    |      0|  0|    2|           1|           1|
    |or_ln45_fu_786_p2       |    or    |      0|  0|    2|           1|           1|
    |ush_1_fu_545_p3         |  select  |      0|  0|   12|           1|          12|
    |ush_2_fu_646_p3         |  select  |      0|  0|   12|           1|          12|
    |ush_fu_404_p3           |  select  |      0|  0|   12|           1|          12|
    |val_V_1_fu_599_p3       |  select  |      0|  0|   32|           1|          32|
    |val_V_2_fu_700_p3       |  select  |      0|  0|   32|           1|          32|
    |val_V_fu_458_p3         |  select  |      0|  0|   32|           1|          32|
    |r_V_1_fu_430_p2         |    shl   |      0|  0|  474|         137|         137|
    |r_V_3_fu_571_p2         |    shl   |      0|  0|  474|         137|         137|
    |r_V_5_fu_672_p2         |    shl   |      0|  0|  474|         137|         137|
    +------------------------+----------+-------+---+-----+------------+------------+
    |Total                   |          |      0|  0| 2351|         840|         872|
    +------------------------+----------+-------+---+-----+------------+------------+

    * Multiplexer: 
    +-----------------------------------------+-----+-----------+-----+-----------+
    |                   Name                  | LUT | Input Size| Bits| Total Bits|
    +-----------------------------------------+-----+-----------+-----+-----------+
    |ap_NS_fsm                                |  429|         97|    1|         97|
    |cost_old_fu_106                          |    9|          2|   32|         64|
    |current_val_address0                     |   27|          5|    6|         30|
    |current_val_d0                           |   15|          3|   32|         96|
    |grp_Galois_LFSR_32_33_hw_fu_251_input_r  |   27|          5|   32|        160|
    |grp_fu_273_p0                            |   15|          3|   64|        192|
    |grp_fu_273_p1                            |   15|          3|   64|        192|
    |grp_fu_284_p0                            |   21|          4|   64|        256|
    |grp_fu_294_p0                            |   15|          3|   32|         96|
    |i1_0_reg_222                             |    9|          2|    4|          8|
    |i2_0_reg_233                             |    9|          2|    7|         14|
    |i_0_reg_199                              |    9|          2|    7|         14|
    |new_val_address0                         |   33|          6|    6|         36|
    |new_val_ce0                              |   15|          3|    1|          3|
    |new_val_d0                               |   21|          4|   32|        128|
    |rnd_input_0_reg_210                      |    9|          2|   32|         64|
    +-----------------------------------------+-----+-----------+-----+-----------+
    |Total                                    |  678|        146|  416|       1450|
    +-----------------------------------------+-----+-----------+-----+-----------+

    * Register: 
    +-----------------------------------+----+----+-----+-----------+
    |                Name               | FF | LUT| Bits| Const Bits|
    +-----------------------------------+----+----+-----+-----------+
    |and_ln45_1_reg_1012                |   1|   0|    1|          0|
    |ap_CS_fsm                          |  96|   0|   96|          0|
    |cost_new_reg_969                   |  32|   0|   32|          0|
    |cost_old_fu_106                    |  32|   0|   32|          0|
    |current_val_addr_1_reg_943         |   6|   0|    6|          0|
    |current_val_load_reg_958           |  32|   0|   32|          0|
    |grp_QIO_int_s_fu_244_ap_start_reg  |   1|   0|    1|          0|
    |i1_0_reg_222                       |   4|   0|    4|          0|
    |i2_0_reg_233                       |   7|   0|    7|          0|
    |i_0_reg_199                        |   7|   0|    7|          0|
    |i_2_reg_856                        |   4|   0|    4|          0|
    |i_3_reg_1024                       |   7|   0|    7|          0|
    |i_reg_830                          |   7|   0|    7|          0|
    |icmp_ln34_reg_954                  |   1|   0|    1|          0|
    |icmp_ln45_1_reg_997                |   1|   0|    1|          0|
    |icmp_ln45_2_reg_1002               |   1|   0|    1|          0|
    |icmp_ln45_3_reg_1007               |   1|   0|    1|          0|
    |icmp_ln45_reg_992                  |   1|   0|    1|          0|
    |random_reg_980                     |  32|   0|   32|          0|
    |reg_300                            |  32|   0|   32|          0|
    |reg_307                            |  64|   0|   64|          0|
    |rnd_input_0_reg_210                |  32|   0|   32|          0|
    |rnd_out_1_reg_861                  |  32|   0|   32|          0|
    |rnd_out_2_reg_867                  |  32|   0|   32|          0|
    |tmp_1_i_reg_975                    |  64|   0|   64|          0|
    |tmp_3_i1_reg_873                   |  64|   0|   64|          0|
    |tmp_3_i2_reg_878                   |  64|   0|   64|          0|
    |tmp_4_i1_reg_888                   |  64|   0|   64|          0|
    |tmp_4_i2_reg_893                   |  64|   0|   64|          0|
    |tmp_4_i_reg_883                    |  64|   0|   64|          0|
    |tmp_V_1_reg_904                    |  52|   0|   52|          0|
    |tmp_V_2_reg_914                    |  11|   0|   11|          0|
    |tmp_V_3_reg_920                    |  52|   0|   52|          0|
    |tmp_V_4_reg_925                    |  11|   0|   11|          0|
    |tmp_V_5_reg_931                    |  52|   0|   52|          0|
    |tmp_V_reg_898                      |  11|   0|   11|          0|
    |tmp_reg_986                        |  32|   0|   32|          0|
    |val_V_1_reg_948                    |  32|   0|   32|          0|
    |val_V_reg_909                      |  32|   0|   32|          0|
    |zext_ln18_reg_835                  |   7|   0|   64|         57|
    |zext_ln35_reg_936                  |  32|   0|   64|         32|
    |zext_ln52_reg_1029                 |   7|   0|   64|         57|
    +-----------------------------------+----+----+-----+-----------+
    |Total                              |1180|   0| 1326|        146|
    +-----------------------------------+----+----+-----+-----------+



================================================================
== Interface
================================================================
* Summary: 
+--------------------+-----+-----+------------+-------------------+--------------+
|      RTL Ports     | Dir | Bits|  Protocol  |   Source Object   |    C Type    |
+--------------------+-----+-----+------------+-------------------+--------------+
|ap_clk              |  in |    1| ap_ctrl_hs | QIO_accel_hw<int> | return value |
|ap_rst              |  in |    1| ap_ctrl_hs | QIO_accel_hw<int> | return value |
|ap_start            |  in |    1| ap_ctrl_hs | QIO_accel_hw<int> | return value |
|ap_done             | out |    1| ap_ctrl_hs | QIO_accel_hw<int> | return value |
|ap_idle             | out |    1| ap_ctrl_hs | QIO_accel_hw<int> | return value |
|ap_ready            | out |    1| ap_ctrl_hs | QIO_accel_hw<int> | return value |
|init_val_address0   | out |    6|  ap_memory |      init_val     |     array    |
|init_val_ce0        | out |    1|  ap_memory |      init_val     |     array    |
|init_val_q0         |  in |   32|  ap_memory |      init_val     |     array    |
|coef_list_address0  | out |   12|  ap_memory |     coef_list     |     array    |
|coef_list_ce0       | out |    1|  ap_memory |     coef_list     |     array    |
|coef_list_q0        |  in |   32|  ap_memory |     coef_list     |     array    |
|final_val_address0  | out |    6|  ap_memory |     final_val     |     array    |
|final_val_ce0       | out |    1|  ap_memory |     final_val     |     array    |
|final_val_we0       | out |    1|  ap_memory |     final_val     |     array    |
|final_val_d0        | out |   32|  ap_memory |     final_val     |     array    |
+--------------------+-----+-----+------------+-------------------+--------------+

