

================================================================
== Vivado HLS Report for 'QIO_accel_hw_int_s'
================================================================
* Date:           Thu Jan 28 12:28:59 2021

* Version:        2020.1 (Build 2897737 on Wed May 27 20:21:37 MDT 2020)
* Project:        QIO
* Solution:       solution1
* Product family: zynq
* Target device:  xc7z020-clg400-1


================================================================
== Performance Estimates
================================================================
+ Timing: 
    * Summary: 
    +--------+----------+----------+------------+
    |  Clock |  Target  | Estimated| Uncertainty|
    +--------+----------+----------+------------+
    |ap_clk  | 10.00 ns | 8.897 ns |   1.25 ns  |
    +--------+----------+----------+------------+

+ Latency: 
    * Summary: 
    +--------------+--------------+-------------+-------------+--------------+--------------+---------+
    |       Latency (cycles)      |     Latency (absolute)    |           Interval          | Pipeline|
    |      min     |      max     |     min     |     max     |      min     |      max     |   Type  |
    +--------------+--------------+-------------+-------------+--------------+--------------+---------+
    |  330984000517|  330984000517| 3.3e+03 sec | 3.3e+03 sec |  330984000517|  330984000517|   none  |
    +--------------+--------------+-------------+-------------+--------------+--------------+---------+

    + Detail: 
        * Instance: 
        +---------------------------------+----------------------+---------+---------+----------+----------+--------+--------+---------+
        |                                 |                      |  Latency (cycles) |  Latency (absolute) |     Interval    | Pipeline|
        |             Instance            |        Module        |   min   |   max   |    min   |    max   |   min  |   max  |   Type  |
        +---------------------------------+----------------------+---------+---------+----------+----------+--------+--------+---------+
        |grp_QIO_int_s_fu_262             |QIO_int_s             |   330893|   330893| 3.309 ms | 3.309 ms |  330893|  330893|   none  |
        |grp_Galois_LFSR_32_33_hw_fu_269  |Galois_LFSR_32_33_hw  |        0|        0|   0 ns   |   0 ns   |       0|       0|   none  |
        +---------------------------------+----------------------+---------+---------+----------+----------+--------+--------+---------+

        * Loop: 
        +----------------+--------------+--------------+----------+-----------+-----------+---------+----------+
        |                |       Latency (cycles)      | Iteration|  Initiation Interval  |   Trip  |          |
        |    Loop Name   |      min     |      max     |  Latency |  achieved |   target  |  Count  | Pipelined|
        +----------------+--------------+--------------+----------+-----------+-----------+---------+----------+
        |- QIO_hw_loop1  |           256|           256|         2|          1|          1|      256|    yes   |
        |- QIO_hw_loop2  |  330984000000|  330984000000|    330984|          -|          -|  1000000|    no    |
        |- QIO_hw_loop3  |           256|           256|         2|          1|          1|      256|    yes   |
        +----------------+--------------+--------------+----------+-----------+-----------+---------+----------+



================================================================
== Utilization Estimates
================================================================
* Summary: 
+-----------------+---------+-------+--------+-------+-----+
|       Name      | BRAM_18K| DSP48E|   FF   |  LUT  | URAM|
+-----------------+---------+-------+--------+-------+-----+
|DSP              |        -|      -|       -|      -|    -|
|Expression       |        -|      -|       0|   2386|    -|
|FIFO             |        -|      -|       -|      -|    -|
|Instance         |        2|     75|   32765|  42060|    0|
|Memory           |        2|      -|       0|      0|    0|
|Multiplexer      |        -|      -|       -|    708|    -|
|Register         |        -|      -|    1232|      -|    -|
+-----------------+---------+-------+--------+-------+-----+
|Total            |        4|     75|   33997|  45154|    0|
+-----------------+---------+-------+--------+-------+-----+
|Available        |      280|    220|  106400|  53200|    0|
+-----------------+---------+-------+--------+-------+-----+
|Utilization (%)  |        1|     34|      31|     84|    0|
+-----------------+---------+-------+--------+-------+-----+

+ Detail: 
    * Instance: 
    +---------------------------------+----------------------+---------+-------+-------+-------+-----+
    |             Instance            |        Module        | BRAM_18K| DSP48E|   FF  |  LUT  | URAM|
    +---------------------------------+----------------------+---------+-------+-------+-------+-----+
    |grp_Galois_LFSR_32_33_hw_fu_269  |Galois_LFSR_32_33_hw  |        0|      0|     66|    204|    0|
    |QIO_accel_ddiv_64lbW_U35         |QIO_accel_ddiv_64lbW  |        0|      0|   3211|   3658|    0|
    |QIO_accel_ddiv_64lbW_U36         |QIO_accel_ddiv_64lbW  |        0|      0|   3211|   3658|    0|
    |QIO_accel_dmul_64kbM_U33         |QIO_accel_dmul_64kbM  |        0|     11|    317|    578|    0|
    |QIO_accel_dmul_64kbM_U34         |QIO_accel_dmul_64kbM  |        0|     11|    317|    578|    0|
    |QIO_accel_fcmp_32jbC_U32         |QIO_accel_fcmp_32jbC  |        0|      0|     66|    239|    0|
    |QIO_accel_fdiv_32hbi_U30         |QIO_accel_fdiv_32hbi  |        0|      0|    761|    994|    0|
    |QIO_accel_fptruncibs_U31         |QIO_accel_fptruncibs  |        0|      0|    128|    277|    0|
    |QIO_accel_uitodp_mb6_U37         |QIO_accel_uitodp_mb6  |        0|      0|    412|    645|    0|
    |QIO_accel_uitodp_mb6_U38         |QIO_accel_uitodp_mb6  |        0|      0|    412|    645|    0|
    |grp_QIO_int_s_fu_262             |QIO_int_s             |        2|     53|  23864|  30584|    0|
    +---------------------------------+----------------------+---------+-------+-------+-------+-----+
    |Total                            |                      |        2|     75|  32765|  42060|    0|
    +---------------------------------+----------------------+---------+-------+-------+-------+-----+

    * DSP48E: 
    N/A

    * Memory: 
    +---------------+----------------------+---------+---+----+-----+------+-----+------+-------------+
    |     Memory    |        Module        | BRAM_18K| FF| LUT| URAM| Words| Bits| Banks| W*Bits*Banks|
    +---------------+----------------------+---------+---+----+-----+------+-----+------+-------------+
    |current_val_U  |QIO_accel_hw_int_fYi  |        1|  0|   0|    0|   256|   32|     1|         8192|
    |new_val_U      |QIO_accel_hw_int_fYi  |        1|  0|   0|    0|   256|   32|     1|         8192|
    +---------------+----------------------+---------+---+----+-----+------+-----+------+-------------+
    |Total          |                      |        2|  0|   0|    0|   512|   64|     2|        16384|
    +---------------+----------------------+---------+---+----+-----+------+-----+------+-------------+

    * FIFO: 
    N/A

    * Expression: 
    +-------------------------+----------+-------+---+-----+------------+------------+
    |      Variable Name      | Operation| DSP48E| FF| LUT | Bitwidth P0| Bitwidth P1|
    +-------------------------+----------+-------+---+-----+------------+------------+
    |add_ln37_fu_743_p2       |     +    |      0|  0|   39|          32|          32|
    |add_ln502_1_fu_546_p2    |     +    |      0|  0|   12|          11|          12|
    |add_ln502_2_fu_647_p2    |     +    |      0|  0|   12|          11|          12|
    |add_ln502_fu_405_p2      |     +    |      0|  0|   12|          11|          12|
    |i_2_fu_365_p2            |     +    |      0|  0|   27|          20|           1|
    |i_3_fu_840_p2            |     +    |      0|  0|   15|           9|           1|
    |i_fu_343_p2              |     +    |      0|  0|   15|           9|           1|
    |sub_ln1311_1_fu_560_p2   |     -    |      0|  0|   13|          10|          11|
    |sub_ln1311_2_fu_661_p2   |     -    |      0|  0|   13|          10|          11|
    |sub_ln1311_fu_419_p2     |     -    |      0|  0|   13|          10|          11|
    |sub_ln40_fu_738_p2       |     -    |      0|  0|   39|          32|          32|
    |and_ln47_1_fu_824_p2     |    and   |      0|  0|    2|           1|           1|
    |and_ln47_fu_818_p2       |    and   |      0|  0|    2|           1|           1|
    |icmp_ln17_fu_337_p2      |   icmp   |      0|  0|   13|           9|          10|
    |icmp_ln23_fu_359_p2      |   icmp   |      0|  0|   18|          20|          17|
    |icmp_ln36_fu_732_p2      |   icmp   |      0|  0|   18|          32|           1|
    |icmp_ln47_1_fu_792_p2    |   icmp   |      0|  0|   18|          23|           1|
    |icmp_ln47_2_fu_798_p2    |   icmp   |      0|  0|   11|           8|           2|
    |icmp_ln47_3_fu_804_p2    |   icmp   |      0|  0|   18|          23|           1|
    |icmp_ln47_fu_786_p2      |   icmp   |      0|  0|   11|           8|           2|
    |icmp_ln53_fu_834_p2      |   icmp   |      0|  0|   13|           9|          10|
    |r_V_2_fu_589_p2          |   lshr   |      0|  0|  162|          54|          54|
    |r_V_4_fu_690_p2          |   lshr   |      0|  0|  162|          54|          54|
    |r_V_fu_448_p2            |   lshr   |      0|  0|  162|          54|          54|
    |or_ln47_1_fu_814_p2      |    or    |      0|  0|    2|           1|           1|
    |or_ln47_fu_810_p2        |    or    |      0|  0|    2|           1|           1|
    |ush_1_fu_569_p3          |  select  |      0|  0|   12|           1|          12|
    |ush_2_fu_670_p3          |  select  |      0|  0|   12|           1|          12|
    |ush_fu_428_p3            |  select  |      0|  0|   12|           1|          12|
    |val_V_1_fu_623_p3        |  select  |      0|  0|   32|           1|          32|
    |val_V_2_fu_724_p3        |  select  |      0|  0|   32|           1|          32|
    |val_V_fu_482_p3          |  select  |      0|  0|   32|           1|          32|
    |r_V_1_fu_454_p2          |    shl   |      0|  0|  474|         137|         137|
    |r_V_3_fu_595_p2          |    shl   |      0|  0|  474|         137|         137|
    |r_V_5_fu_696_p2          |    shl   |      0|  0|  474|         137|         137|
    |ap_enable_pp0            |    xor   |      0|  0|    2|           1|           2|
    |ap_enable_pp1            |    xor   |      0|  0|    2|           1|           2|
    |ap_enable_reg_pp0_iter1  |    xor   |      0|  0|    2|           2|           1|
    |ap_enable_reg_pp1_iter1  |    xor   |      0|  0|    2|           2|           1|
    +-------------------------+----------+-------+---+-----+------------+------------+
    |Total                    |          |      0|  0| 2386|         886|         895|
    +-------------------------+----------+-------+---+-----+------------+------------+

    * Multiplexer: 
    +-----------------------------------------+-----+-----------+-----+-----------+
    |                   Name                  | LUT | Input Size| Bits| Total Bits|
    +-----------------------------------------+-----+-----------+-----+-----------+
    |ap_NS_fsm                                |  429|         97|    1|         97|
    |ap_enable_reg_pp0_iter1                  |   15|          3|    1|          3|
    |ap_enable_reg_pp1_iter1                  |   15|          3|    1|          3|
    |cost_old_fu_120                          |    9|          2|   32|         64|
    |current_val_address0                     |   27|          5|    8|         40|
    |current_val_d0                           |   15|          3|   32|         96|
    |grp_Galois_LFSR_32_33_hw_fu_269_input_r  |   27|          5|   32|        160|
    |grp_fu_291_p0                            |   15|          3|   64|        192|
    |grp_fu_291_p1                            |   15|          3|   64|        192|
    |grp_fu_302_p0                            |   21|          4|   64|        256|
    |grp_fu_312_p0                            |   15|          3|   32|         96|
    |i1_0_reg_240                             |    9|          2|   20|         40|
    |i2_0_reg_251                             |    9|          2|    9|         18|
    |i_0_reg_219                              |    9|          2|    9|         18|
    |new_val_address0                         |   33|          6|    8|         48|
    |new_val_ce0                              |   15|          3|    1|          3|
    |new_val_d0                               |   21|          4|   32|        128|
    |rnd_input_0_reg_230                      |    9|          2|   32|         64|
    +-----------------------------------------+-----+-----------+-----+-----------+
    |Total                                    |  708|        152|  442|       1518|
    +-----------------------------------------+-----+-----------+-----+-----------+

    * Register: 
    +-----------------------------------+----+----+-----+-----------+
    |                Name               | FF | LUT| Bits| Const Bits|
    +-----------------------------------+----+----+-----+-----------+
    |and_ln47_1_reg_1048                |   1|   0|    1|          0|
    |ap_CS_fsm                          |  96|   0|   96|          0|
    |ap_enable_reg_pp0_iter0            |   1|   0|    1|          0|
    |ap_enable_reg_pp0_iter1            |   1|   0|    1|          0|
    |ap_enable_reg_pp1_iter0            |   1|   0|    1|          0|
    |ap_enable_reg_pp1_iter1            |   1|   0|    1|          0|
    |cost_new_reg_1000                  |  32|   0|   32|          0|
    |cost_old_fu_120                    |  32|   0|   32|          0|
    |current_val_addr_1_reg_979         |   8|   0|    8|          0|
    |current_val_load_reg_994           |  32|   0|   32|          0|
    |grp_QIO_int_s_fu_262_ap_start_reg  |   1|   0|    1|          0|
    |i1_0_reg_240                       |  20|   0|   20|          0|
    |i2_0_reg_251                       |   9|   0|    9|          0|
    |i_0_reg_219                        |   9|   0|    9|          0|
    |i_2_reg_892                        |  20|   0|   20|          0|
    |icmp_ln17_reg_861                  |   1|   0|    1|          0|
    |icmp_ln36_reg_990                  |   1|   0|    1|          0|
    |icmp_ln47_1_reg_1033               |   1|   0|    1|          0|
    |icmp_ln47_2_reg_1038               |   1|   0|    1|          0|
    |icmp_ln47_3_reg_1043               |   1|   0|    1|          0|
    |icmp_ln47_reg_1028                 |   1|   0|    1|          0|
    |icmp_ln53_reg_1057                 |   1|   0|    1|          0|
    |random_reg_1016                    |  32|   0|   32|          0|
    |reg_318                            |  32|   0|   32|          0|
    |reg_325                            |  64|   0|   64|          0|
    |rnd_input_0_reg_230                |  32|   0|   32|          0|
    |rnd_input_reg_856                  |  18|   0|   32|         14|
    |rnd_out_1_reg_897                  |  32|   0|   32|          0|
    |rnd_out_2_reg_903                  |  32|   0|   32|          0|
    |tmp_1_i_reg_1011                   |  64|   0|   64|          0|
    |tmp_3_i1_reg_909                   |  64|   0|   64|          0|
    |tmp_3_i2_reg_914                   |  64|   0|   64|          0|
    |tmp_4_i1_reg_924                   |  64|   0|   64|          0|
    |tmp_4_i2_reg_929                   |  64|   0|   64|          0|
    |tmp_4_i_reg_919                    |  64|   0|   64|          0|
    |tmp_V_1_reg_940                    |  52|   0|   52|          0|
    |tmp_V_2_reg_950                    |  11|   0|   11|          0|
    |tmp_V_3_reg_956                    |  52|   0|   52|          0|
    |tmp_V_4_reg_961                    |  11|   0|   11|          0|
    |tmp_V_5_reg_967                    |  52|   0|   52|          0|
    |tmp_V_reg_934                      |  11|   0|   11|          0|
    |tmp_reg_1022                       |  32|   0|   32|          0|
    |val_V_1_reg_984                    |  32|   0|   32|          0|
    |val_V_reg_945                      |  32|   0|   32|          0|
    |zext_ln19_reg_870                  |   9|   0|   64|         55|
    |zext_ln37_reg_972                  |  32|   0|   64|         32|
    |zext_ln55_reg_1066                 |   9|   0|   64|         55|
    +-----------------------------------+----+----+-----+-----------+
    |Total                              |1232|   0| 1388|        156|
    +-----------------------------------+----+----+-----+-----------+



================================================================
== Interface
================================================================
* Summary: 
+--------------------+-----+-----+------------+-------------------+--------------+
|      RTL Ports     | Dir | Bits|  Protocol  |   Source Object   |    C Type    |
+--------------------+-----+-----+------------+-------------------+--------------+
|ap_clk              |  in |    1| ap_ctrl_hs | QIO_accel_hw<int> | return value |
|ap_rst              |  in |    1| ap_ctrl_hs | QIO_accel_hw<int> | return value |
|ap_start            |  in |    1| ap_ctrl_hs | QIO_accel_hw<int> | return value |
|ap_done             | out |    1| ap_ctrl_hs | QIO_accel_hw<int> | return value |
|ap_idle             | out |    1| ap_ctrl_hs | QIO_accel_hw<int> | return value |
|ap_ready            | out |    1| ap_ctrl_hs | QIO_accel_hw<int> | return value |
|init_val_address0   | out |    8|  ap_memory |      init_val     |     array    |
|init_val_ce0        | out |    1|  ap_memory |      init_val     |     array    |
|init_val_q0         |  in |   32|  ap_memory |      init_val     |     array    |
|coef_list_address0  | out |   16|  ap_memory |     coef_list     |     array    |
|coef_list_ce0       | out |    1|  ap_memory |     coef_list     |     array    |
|coef_list_q0        |  in |   32|  ap_memory |     coef_list     |     array    |
|coef_list_address1  | out |   16|  ap_memory |     coef_list     |     array    |
|coef_list_ce1       | out |    1|  ap_memory |     coef_list     |     array    |
|coef_list_q1        |  in |   32|  ap_memory |     coef_list     |     array    |
|seed                |  in |   32|   ap_none  |        seed       |    scalar    |
|final_val_address0  | out |    8|  ap_memory |     final_val     |     array    |
|final_val_ce0       | out |    1|  ap_memory |     final_val     |     array    |
|final_val_we0       | out |    1|  ap_memory |     final_val     |     array    |
|final_val_d0        | out |   32|  ap_memory |     final_val     |     array    |
+--------------------+-----+-----+------------+-------------------+--------------+

